server\.venv\Scripts\python
.exe : Traceback (most 
recent call last):
At line:1 char:1
+ server\.venv\Scripts\pyth
on.exe 
test/test_failsafe.py > 
test_output.t ...
+ ~~~~~~~~~~~~~~~~~~~~~~~~~
~~~~~~~~~~~~~~~~~~~~~~~~~~~
~~~~~~~~~~~~~~~~~
    + CategoryInfo         
     : NotSpecified: (Tra  
  ceback (most recent ca   
 ll last)::String) [],     
RemoteException
    + FullyQualifiedErrorI 
   d : NativeCommandError
 
  File "C:\Users\Shri\Deskt
op\antigravity Tools\ai 
video creator\test\test_fai
lsafe.py", line 10, in 
<module>
    from routers import 
v1_generation
  File "C:\Users\Shri\Deskt
op\antigravity Tools\ai 
video creator\server\router
s\v1_generation.py", line 
22, in <module>
    from engines import 
audio_synthesizer, 
animator, enhancer
  File "C:\Users\Shri\Deskt
op\antigravity Tools\ai 
video creator\server\engine
s\__init__.py", line 2, in 
<module>
    from 
.audio_synthesizer import 
audio_synthesizer, 
AudioSynthesizer
  File "C:\Users\Shri\Deskt
op\antigravity Tools\ai 
video creator\server\engine
s\audio_synthesizer.py", 
line 21, in <module>
    from core.config 
import settings, 
get_voice_config, 
get_language_voice
  File "C:\Users\Shri\Deskt
op\antigravity Tools\ai 
video creator\server\core\_
_init__.py", line 2, in 
<module>
    from .config import 
settings, 
get_voice_config, 
get_language_voice
  File "C:\Users\Shri\Deskt
op\antigravity Tools\ai 
video creator\server\core\c
onfig.py", line 115, in 
<module>
    settings = Settings()
               ^^^^^^^^^^
  File "C:\Users\Shri\Deskt
op\antigravity Tools\ai 
video creator\server\.venv\
Lib\site-packages\pydantic_
settings\main.py", line 
194, in __init__
    super().__init__(
  File "C:\Users\Shri\Deskt
op\antigravity Tools\ai 
video creator\server\.venv\
Lib\site-packages\pydantic\
main.py", line 250, in 
__init__
    validated_self = self._
_pydantic_validator__.valid
ate_python(data, 
self_instance=self)
                     ^^^^^^
^^^^^^^^^^^^^^^^^^^^^^^^^^^
^^^^^^^^^^^^^^^^^^^^^^^^^^^
^^^^^^^^^
pydantic_core._pydantic_cor
e.ValidationError: 6 
validation errors for 
Settings
DATABASE_URL
  Field required 
[type=missing, 
input_value={}, 
input_type=dict]
    For further 
information visit https://e
rrors.pydantic.dev/2.12/v/m
issing
REDIS_URL
  Field required 
[type=missing, 
input_value={}, 
input_type=dict]
    For further 
information visit https://e
rrors.pydantic.dev/2.12/v/m
issing
MINIO_ENDPOINT
  Field required 
[type=missing, 
input_value={}, 
input_type=dict]
    For further 
information visit https://e
rrors.pydantic.dev/2.12/v/m
issing
MINIO_ACCESS_KEY
  Field required 
[type=missing, 
input_value={}, 
input_type=dict]
    For further 
information visit https://e
rrors.pydantic.dev/2.12/v/m
issing
MINIO_SECRET_KEY
  Field required 
[type=missing, 
input_value={}, 
input_type=dict]
    For further 
information visit https://e
rrors.pydantic.dev/2.12/v/m
issing
JWT_SECRET
  Field required 
[type=missing, 
input_value={}, 
input_type=dict]
    For further 
information visit https://e
rrors.pydantic.dev/2.12/v/m
issing
